[0.017s] Invoking command in '/home/gopika/dev_ws/build/my_package': /usr/bin/cmake /home/gopika/dev_ws/src/my_package -DCMAKE_INSTALL_PREFIX=/home/gopika/dev_ws/install/my_package
[0.350s] -- The C compiler identification is GNU 9.4.0
[0.579s] -- The CXX compiler identification is GNU 9.4.0
[0.597s] -- Check for working C compiler: /usr/bin/cc
[0.712s] -- Check for working C compiler: /usr/bin/cc -- works
[0.716s] -- Detecting C compiler ABI info
[0.820s] -- Detecting C compiler ABI info - done
[0.833s] -- Detecting C compile features
[0.834s] -- Detecting C compile features - done
[0.843s] -- Check for working CXX compiler: /usr/bin/c++
[1.004s] -- Check for working CXX compiler: /usr/bin/c++ -- works
[1.006s] -- Detecting CXX compiler ABI info
[1.173s] -- Detecting CXX compiler ABI info - done
[1.184s] -- Detecting CXX compile features
[1.184s] -- Detecting CXX compile features - done
[1.187s] -- Found ament_cmake: 0.9.12 (/opt/ros/foxy/share/ament_cmake/cmake)
[1.215s] -- Found PythonInterp: /usr/bin/python3 (found suitable version "3.8.10", minimum required is "3") 
[1.215s] -- Using PYTHON_EXECUTABLE: /usr/bin/python3
[1.487s] -- Found ament_lint_auto: 0.9.8 (/opt/ros/foxy/share/ament_lint_auto/cmake)
[1.555s] Error parsing '/home/gopika/dev_ws/src/my_package/package.xml':
[1.716s] Traceback (most recent call last):
[1.717s]   File "/usr/lib/python3/dist-packages/catkin_pkg/package.py", line 610, in parse_package_string
[1.717s]     root = dom.parseString(data)
[1.717s]   File "/usr/lib/python3.8/xml/dom/minidom.py", line 1969, in parseString
[1.717s]     return expatbuilder.parseString(string)
[1.717s]   File "/usr/lib/python3.8/xml/dom/expatbuilder.py", line 925, in parseString
[1.717s]     return builder.parseString(string)
[1.717s]   File "/usr/lib/python3.8/xml/dom/expatbuilder.py", line 223, in parseString
[1.717s]     parser.Parse(string, True)
[1.717s] xml.parsers.expat.ExpatError: mismatched tag: line 19, column 2
[1.717s] 
[1.717s] During handling of the above exception, another exception occurred:
[1.718s] 
[1.718s] Traceback (most recent call last):
[1.718s]   File "/opt/ros/foxy/share/ament_cmake_core/cmake/core/package_xml_2_cmake.py", line 143, in <module>
[1.718s]     main()
[1.718s]   File "/opt/ros/foxy/share/ament_cmake_core/cmake/core/package_xml_2_cmake.py", line 52, in main
[1.718s]     raise e
[1.718s]   File "/opt/ros/foxy/share/ament_cmake_core/cmake/core/package_xml_2_cmake.py", line 48, in main
[1.718s]     package = parse_package_string(
[1.718s]   File "/usr/lib/python3/dist-packages/catkin_pkg/package.py", line 612, in parse_package_string
[1.718s]     raise InvalidPackage('The manifest contains invalid XML:\n%s' % ex, filename)
[1.718s] catkin_pkg.package.InvalidPackage: Error(s) in package '/home/gopika/dev_ws/src/my_package/package.xml':
[1.718s] The manifest contains invalid XML:
[1.718s] mismatched tag: line 19, column 2
[1.758s] CMake Error at /opt/ros/foxy/share/ament_cmake_core/cmake/core/ament_package_xml.cmake:94 (message):
[1.758s]   execute_process(/usr/bin/python3
[1.758s]   /opt/ros/foxy/share/ament_cmake_core/cmake/core/package_xml_2_cmake.py
[1.758s]   /home/gopika/dev_ws/src/my_package/package.xml
[1.758s]   /home/gopika/dev_ws/build/my_package/ament_cmake_core/package.cmake)
[1.758s]   returned error code 1
[1.758s] Call Stack (most recent call first):
[1.758s]   /opt/ros/foxy/share/ament_cmake_core/cmake/core/ament_package_xml.cmake:49 (_ament_package_xml)
[1.758s]   /opt/ros/foxy/share/ament_lint_auto/cmake/ament_lint_auto_find_test_dependencies.cmake:31 (ament_package_xml)
[1.758s]   CMakeLists.txt:32 (ament_lint_auto_find_test_dependencies)
[1.759s] 
[1.759s] 
[1.760s] -- Configuring incomplete, errors occurred!
[1.760s] See also "/home/gopika/dev_ws/build/my_package/CMakeFiles/CMakeOutput.log".
[1.766s] Invoked command in '/home/gopika/dev_ws/build/my_package' returned '1': /usr/bin/cmake /home/gopika/dev_ws/src/my_package -DCMAKE_INSTALL_PREFIX=/home/gopika/dev_ws/install/my_package
