[0.000000] (-) TimerEvent: {}
[0.000512] (my_package) JobQueued: {'identifier': 'my_package', 'dependencies': OrderedDict()}
[0.000591] (my_package) JobStarted: {'identifier': 'my_package'}
[0.014161] (my_package) JobProgress: {'identifier': 'my_package', 'progress': 'cmake'}
[0.015633] (my_package) Command: {'cmd': ['/usr/bin/cmake', '/home/gopika/dev_ws/src/my_package', '-DCMAKE_INSTALL_PREFIX=/home/gopika/dev_ws/install/my_package'], 'cwd': '/home/gopika/dev_ws/build/my_package', 'env': OrderedDict([('GJS_DEBUG_TOPICS', 'JS ERROR;JS LOG'), ('LESSOPEN', '| /usr/bin/lesspipe %s'), ('LANGUAGE', 'en_IN:en'), ('USER', 'gopika'), ('SSH_AGENT_PID', '79280'), ('XDG_SESSION_TYPE', 'x11'), ('SHLVL', '1'), ('LD_LIBRARY_PATH', '/opt/ros/foxy/opt/yaml_cpp_vendor/lib:/opt/ros/foxy/opt/rviz_ogre_vendor/lib:/opt/ros/foxy/lib/x86_64-linux-gnu:/opt/ros/foxy/lib'), ('HOME', '/home/gopika'), ('OLDPWD', '/home/gopika'), ('DESKTOP_SESSION', 'ubuntu'), ('ROS_PYTHON_VERSION', '3'), ('GNOME_SHELL_SESSION_MODE', 'ubuntu'), ('GTK_MODULES', 'gail:atk-bridge'), ('MANAGERPID', '79186'), ('DBUS_SESSION_BUS_ADDRESS', 'unix:path=/run/user/1000/bus'), ('COLORTERM', 'truecolor'), ('IM_CONFIG_PHASE', '1'), ('ROS_DISTRO', 'foxy'), ('LOGNAME', 'gopika'), ('JOURNAL_STREAM', '8:183703'), ('_', '/usr/bin/colcon'), ('ROS_VERSION', '2'), ('XDG_SESSION_CLASS', 'user'), ('USERNAME', 'gopika'), ('TERM', 'xterm-256color'), ('GNOME_DESKTOP_SESSION_ID', 'this-is-deprecated'), ('ROS_LOCALHOST_ONLY', '0'), ('WINDOWPATH', '2'), ('PATH', '/opt/ros/foxy/bin:/usr/local/sbin:/usr/local/bin:/usr/sbin:/usr/bin:/sbin:/bin:/usr/games:/usr/local/games:/snap/bin'), ('SESSION_MANAGER', 'local/gp-ros:@/tmp/.ICE-unix/79334,unix/gp-ros:/tmp/.ICE-unix/79334'), ('INVOCATION_ID', '1797522bb71d4e60a7c39b5a2bb44f33'), ('XDG_MENU_PREFIX', 'gnome-'), ('GNOME_TERMINAL_SCREEN', '/org/gnome/Terminal/screen/4c4dcc19_7b73_4e0b_97a6_dfa403895a6d'), ('XDG_RUNTIME_DIR', '/run/user/1000'), ('DISPLAY', ':0'), ('LANG', 'en_IN'), ('XDG_CURRENT_DESKTOP', 'ubuntu:GNOME'), ('XMODIFIERS', '@im=ibus'), ('XDG_SESSION_DESKTOP', 'ubuntu'), ('XAUTHORITY', '/run/user/1000/gdm/Xauthority'), ('LS_COLORS', 'rs=0:di=01;34:ln=01;36:mh=00:pi=40;33:so=01;35:do=01;35:bd=40;33;01:cd=40;33;01:or=40;31;01:mi=00:su=37;41:sg=30;43:ca=30;41:tw=30;42:ow=34;42:st=37;44:ex=01;32:*.tar=01;31:*.tgz=01;31:*.arc=01;31:*.arj=01;31:*.taz=01;31:*.lha=01;31:*.lz4=01;31:*.lzh=01;31:*.lzma=01;31:*.tlz=01;31:*.txz=01;31:*.tzo=01;31:*.t7z=01;31:*.zip=01;31:*.z=01;31:*.dz=01;31:*.gz=01;31:*.lrz=01;31:*.lz=01;31:*.lzo=01;31:*.xz=01;31:*.zst=01;31:*.tzst=01;31:*.bz2=01;31:*.bz=01;31:*.tbz=01;31:*.tbz2=01;31:*.tz=01;31:*.deb=01;31:*.rpm=01;31:*.jar=01;31:*.war=01;31:*.ear=01;31:*.sar=01;31:*.rar=01;31:*.alz=01;31:*.ace=01;31:*.zoo=01;31:*.cpio=01;31:*.7z=01;31:*.rz=01;31:*.cab=01;31:*.wim=01;31:*.swm=01;31:*.dwm=01;31:*.esd=01;31:*.jpg=01;35:*.jpeg=01;35:*.mjpg=01;35:*.mjpeg=01;35:*.gif=01;35:*.bmp=01;35:*.pbm=01;35:*.pgm=01;35:*.ppm=01;35:*.tga=01;35:*.xbm=01;35:*.xpm=01;35:*.tif=01;35:*.tiff=01;35:*.png=01;35:*.svg=01;35:*.svgz=01;35:*.mng=01;35:*.pcx=01;35:*.mov=01;35:*.mpg=01;35:*.mpeg=01;35:*.m2v=01;35:*.mkv=01;35:*.webm=01;35:*.ogm=01;35:*.mp4=01;35:*.m4v=01;35:*.mp4v=01;35:*.vob=01;35:*.qt=01;35:*.nuv=01;35:*.wmv=01;35:*.asf=01;35:*.rm=01;35:*.rmvb=01;35:*.flc=01;35:*.avi=01;35:*.fli=01;35:*.flv=01;35:*.gl=01;35:*.dl=01;35:*.xcf=01;35:*.xwd=01;35:*.yuv=01;35:*.cgm=01;35:*.emf=01;35:*.ogv=01;35:*.ogx=01;35:*.aac=00;36:*.au=00;36:*.flac=00;36:*.m4a=00;36:*.mid=00;36:*.midi=00;36:*.mka=00;36:*.mp3=00;36:*.mpc=00;36:*.ogg=00;36:*.ra=00;36:*.wav=00;36:*.oga=00;36:*.opus=00;36:*.spx=00;36:*.xspf=00;36:'), ('GNOME_TERMINAL_SERVICE', ':1.94'), ('SSH_AUTH_SOCK', '/run/user/1000/keyring/ssh'), ('AMENT_PREFIX_PATH', '/opt/ros/foxy'), ('SHELL', '/bin/bash'), ('QT_ACCESSIBILITY', '1'), ('GDMSESSION', 'ubuntu'), ('LESSCLOSE', '/usr/bin/lesspipe %s %s'), ('GPG_AGENT_INFO', '/run/user/1000/gnupg/S.gpg-agent:0:1'), ('GJS_DEBUG_OUTPUT', 'stderr'), ('QT_IM_MODULE', 'ibus'), ('PWD', '/home/gopika/dev_ws/build/my_package'), ('XDG_CONFIG_DIRS', '/etc/xdg/xdg-ubuntu:/etc/xdg'), ('XDG_DATA_DIRS', '/usr/share/ubuntu:/usr/local/share/:/usr/share/:/var/lib/snapd/desktop'), ('PYTHONPATH', '/opt/ros/foxy/lib/python3.8/site-packages'), ('COLCON', '1'), ('VTE_VERSION', '6003')]), 'shell': False}
[0.098766] (-) TimerEvent: {}
[0.199598] (-) TimerEvent: {}
[0.300173] (-) TimerEvent: {}
[0.350300] (my_package) StdoutLine: {'line': b'-- The C compiler identification is GNU 9.4.0\n'}
[0.400799] (-) TimerEvent: {}
[0.501617] (-) TimerEvent: {}
[0.579779] (my_package) StdoutLine: {'line': b'-- The CXX compiler identification is GNU 9.4.0\n'}
[0.597845] (my_package) StdoutLine: {'line': b'-- Check for working C compiler: /usr/bin/cc\n'}
[0.602900] (-) TimerEvent: {}
[0.704801] (-) TimerEvent: {}
[0.712159] (my_package) StdoutLine: {'line': b'-- Check for working C compiler: /usr/bin/cc -- works\n'}
[0.716050] (my_package) StdoutLine: {'line': b'-- Detecting C compiler ABI info\n'}
[0.805157] (-) TimerEvent: {}
[0.820261] (my_package) StdoutLine: {'line': b'-- Detecting C compiler ABI info - done\n'}
[0.833464] (my_package) StdoutLine: {'line': b'-- Detecting C compile features\n'}
[0.834468] (my_package) StdoutLine: {'line': b'-- Detecting C compile features - done\n'}
[0.841299] (my_package) StdoutLine: {'line': b'-- Check for working CXX compiler: /usr/bin/c++\n'}
[0.905482] (-) TimerEvent: {}
[1.004070] (my_package) StdoutLine: {'line': b'-- Check for working CXX compiler: /usr/bin/c++ -- works\n'}
[1.005711] (-) TimerEvent: {}
[1.006097] (my_package) StdoutLine: {'line': b'-- Detecting CXX compiler ABI info\n'}
[1.105936] (-) TimerEvent: {}
[1.173570] (my_package) StdoutLine: {'line': b'-- Detecting CXX compiler ABI info - done\n'}
[1.184199] (my_package) StdoutLine: {'line': b'-- Detecting CXX compile features\n'}
[1.184793] (my_package) StdoutLine: {'line': b'-- Detecting CXX compile features - done\n'}
[1.186989] (my_package) StdoutLine: {'line': b'-- Found ament_cmake: 0.9.12 (/opt/ros/foxy/share/ament_cmake/cmake)\n'}
[1.208773] (-) TimerEvent: {}
[1.215378] (my_package) StdoutLine: {'line': b'-- Found PythonInterp: /usr/bin/python3 (found suitable version "3.8.10", minimum required is "3") \n'}
[1.215596] (my_package) StdoutLine: {'line': b'-- Using PYTHON_EXECUTABLE: /usr/bin/python3\n'}
[1.309074] (-) TimerEvent: {}
[1.410203] (-) TimerEvent: {}
[1.487878] (my_package) StdoutLine: {'line': b'-- Found ament_lint_auto: 0.9.8 (/opt/ros/foxy/share/ament_lint_auto/cmake)\n'}
[1.513301] (-) TimerEvent: {}
[1.555659] (my_package) StderrLine: {'line': b"Error parsing '/home/gopika/dev_ws/src/my_package/package.xml':\n"}
[1.614297] (-) TimerEvent: {}
[1.714957] (-) TimerEvent: {}
[1.716390] (my_package) StderrLine: {'line': b'Traceback (most recent call last):\n'}
[1.716623] (my_package) StderrLine: {'line': b'  File "/usr/lib/python3/dist-packages/catkin_pkg/package.py", line 610, in parse_package_string\n'}
[1.717325] (my_package) StderrLine: {'line': b'    root = dom.parseString(data)\n'}
[1.717405] (my_package) StderrLine: {'line': b'  File "/usr/lib/python3.8/xml/dom/minidom.py", line 1969, in parseString\n'}
[1.717503] (my_package) StderrLine: {'line': b'    return expatbuilder.parseString(string)\n'}
[1.717571] (my_package) StderrLine: {'line': b'  File "/usr/lib/python3.8/xml/dom/expatbuilder.py", line 925, in parseString\n'}
[1.717651] (my_package) StderrLine: {'line': b'    return builder.parseString(string)\n'}
[1.717737] (my_package) StderrLine: {'line': b'  File "/usr/lib/python3.8/xml/dom/expatbuilder.py", line 223, in parseString\n'}
[1.717803] (my_package) StderrLine: {'line': b'    parser.Parse(string, True)\n'}
[1.717888] (my_package) StderrLine: {'line': b'xml.parsers.expat.ExpatError: mismatched tag: line 19, column 2\n'}
[1.717980] (my_package) StderrLine: {'line': b'\n'}
[1.718038] (my_package) StderrLine: {'line': b'During handling of the above exception, another exception occurred:\n'}
[1.718111] (my_package) StderrLine: {'line': b'\n'}
[1.718190] (my_package) StderrLine: {'line': b'Traceback (most recent call last):\n'}
[1.718248] (my_package) StderrLine: {'line': b'  File "/opt/ros/foxy/share/ament_cmake_core/cmake/core/package_xml_2_cmake.py", line 143, in <module>\n'}
[1.718344] (my_package) StderrLine: {'line': b'    main()\n'}
[1.718402] (my_package) StderrLine: {'line': b'  File "/opt/ros/foxy/share/ament_cmake_core/cmake/core/package_xml_2_cmake.py", line 52, in main\n'}
[1.718462] (my_package) StderrLine: {'line': b'    raise e\n'}
[1.718550] (my_package) StderrLine: {'line': b'  File "/opt/ros/foxy/share/ament_cmake_core/cmake/core/package_xml_2_cmake.py", line 48, in main\n'}
[1.718609] (my_package) StderrLine: {'line': b'    package = parse_package_string(\n'}
[1.718677] (my_package) StderrLine: {'line': b'  File "/usr/lib/python3/dist-packages/catkin_pkg/package.py", line 612, in parse_package_string\n'}
[1.718750] (my_package) StderrLine: {'line': b"    raise InvalidPackage('The manifest contains invalid XML:\\n%s' % ex, filename)\n"}
[1.718806] (my_package) StderrLine: {'line': b"catkin_pkg.package.InvalidPackage: Error(s) in package '/home/gopika/dev_ws/src/my_package/package.xml':\n"}
[1.718891] (my_package) StderrLine: {'line': b'The manifest contains invalid XML:\n'}
[1.718945] (my_package) StderrLine: {'line': b'mismatched tag: line 19, column 2\n'}
[1.758183] (my_package) StderrLine: {'line': b'CMake Error at /opt/ros/foxy/share/ament_cmake_core/cmake/core/ament_package_xml.cmake:94 (message):\n'}
[1.758481] (my_package) StderrLine: {'line': b'  execute_process(/usr/bin/python3\n'}
[1.758565] (my_package) StderrLine: {'line': b'  /opt/ros/foxy/share/ament_cmake_core/cmake/core/package_xml_2_cmake.py\n'}
[1.758642] (my_package) StderrLine: {'line': b'  /home/gopika/dev_ws/src/my_package/package.xml\n'}
[1.758712] (my_package) StderrLine: {'line': b'  /home/gopika/dev_ws/build/my_package/ament_cmake_core/package.cmake)\n'}
[1.758781] (my_package) StderrLine: {'line': b'  returned error code 1\n'}
[1.758847] (my_package) StderrLine: {'line': b'Call Stack (most recent call first):\n'}
[1.758913] (my_package) StderrLine: {'line': b'  /opt/ros/foxy/share/ament_cmake_core/cmake/core/ament_package_xml.cmake:49 (_ament_package_xml)\n'}
[1.758981] (my_package) StderrLine: {'line': b'  /opt/ros/foxy/share/ament_lint_auto/cmake/ament_lint_auto_find_test_dependencies.cmake:31 (ament_package_xml)\n'}
[1.759048] (my_package) StderrLine: {'line': b'  CMakeLists.txt:32 (ament_lint_auto_find_test_dependencies)\n'}
[1.759116] (my_package) StderrLine: {'line': b'\n'}
[1.759193] (my_package) StderrLine: {'line': b'\n'}
[1.760079] (my_package) StdoutLine: {'line': b'-- Configuring incomplete, errors occurred!\n'}
[1.760326] (my_package) StdoutLine: {'line': b'See also "/home/gopika/dev_ws/build/my_package/CMakeFiles/CMakeOutput.log".\n'}
[1.766025] (my_package) CommandEnded: {'returncode': 1}
[1.766686] (my_package) JobEnded: {'identifier': 'my_package', 'rc': 1}
[1.777238] (-) EventReactorShutdown: {}
